<?xml version="1.0" encoding="utf-8"?><testsuites name="pytest tests"><testsuite name="pytest" errors="0" failures="0" skipped="0" tests="1" time="0.090" timestamp="2025-08-28T18:11:20.176097+05:00" hostname="talha-Latitude-5580"><testcase classname="tests.test_app" name="test_homepage" time="0.003" /></testsuite></testsuites>